[turtlegameslunchclub.my.canva.site/index.html]
[backblue.gif]
[fade.gif]
[index.html]
[turtlegameslunchclub.my.canva.site/26387fa4f5b1e3f7b6217b27d79bf264.png]
[turtlegameslunchclub.my.canva.site/2d0b56e7e51cf11036ad8734bdb67e2d.png]
[turtlegameslunchclub.my.canva.site/725b756a69a7d4c235070e51acd85560.png]
[turtlegameslunchclub.my.canva.site/fonts/3dae3800fab4aad097008bba4dfa94c1.woff2]
[turtlegameslunchclub.my.canva.site/fonts/71d66fa3f70c070b9427b4baf1980061.woff2]
[turtlegameslunchclub.my.canva.site/fonts/0f51da86a058aef1bb585a64cf664ab7.woff2]
[turtlegameslunchclub.my.canva.site/fonts/1aaf8c95b881644a76961b6db0059fc0.woff2]
[turtlegameslunchclub.my.canva.site/fonts/2e6cd6edd8c613b3bb97fea786423021.woff2]
[turtlegameslunchclub.my.canva.site/fonts/5d3de1b2e62932b8223d7f271173fe57.woff2]
[turtlegameslunchclub.my.canva.site/fonts/9845755400f2c24d7c04b24e20caa6c5.woff2]
[turtlegameslunchclub.my.canva.site/fonts/b732ddf09155ab8e9d675a4a9e6fe3db.woff2]
[turtlegameslunchclub.my.canva.site/fonts/22ff9d894b6467b3ddab0f1989a2cb4d.woff2]
[turtlegameslunchclub.my.canva.site/fonts/6f953f3e7ac9d894a97d59a06afcfa7b.woff2]
[turtlegameslunchclub.my.canva.site/fonts/aeba314cd216c72b97019a6e8c17c9a5.woff2]
[turtlegameslunchclub.my.canva.site/fonts/b146a0e8f0e873592940bcc60a355c0c.woff2]
[turtlegameslunchclub.my.canva.site/fonts/f8f199f09526f79e87644ed227e0f651.woff2]
[turtlegameslunchclub.my.canva.site/fonts/98c4d2c0223fc8474641c77f923528e9.woff2]
[turtlegameslunchclub.my.canva.site/fonts/d257a7100844bc3f98c9021168b6249e.woff2]
[turtlegameslunchclub.my.canva.site/fonts/1060345c54d396e76d73f1da7ee200bd.woff2]
[turtlegameslunchclub.my.canva.site/images/d7c26dba6a9025524b8aed38dd4b6775.svg]
[turtlegameslunchclub.my.canva.site/images/a8c6aed3b9963d0c39fd5b613d067cac.svg]
[turtlegameslunchclub.my.canva.site/images/4caca946237c890922b0f5ad50cbb931.svg]
[turtlegameslunchclub.my.canva.site/images/756e6ea70aaecb4fd6ed7b2f479b1a12.svg]
[turtlegameslunchclub.my.canva.site/images/5a3ed1def015b889ca4a644d3b62ead4.svg]
[turtlegameslunchclub.my.canva.site/images/b9700802fa66dd83d03429d8eb4cefcf.svg]
[www.google.com/recaptcha/api.js]
[turtlegameslunchclub.my.canva.site/index.html]
[turtlegameslunchclub.my.canva.site/images/d7c26dba6a9025524b8aed38dd4b6775.svg]
[turtlegameslunchclub.my.canva.site/images/a8c6aed3b9963d0c39fd5b613d067cac.svg]
[turtlegameslunchclub.my.canva.site/images/4caca946237c890922b0f5ad50cbb931.svg]
[turtlegameslunchclub.my.canva.site/images/756e6ea70aaecb4fd6ed7b2f479b1a12.svg]
[turtlegameslunchclub.my.canva.site/images/5a3ed1def015b889ca4a644d3b62ead4.svg]
[turtlegameslunchclub.my.canva.site/images/b9700802fa66dd83d03429d8eb4cefcf.svg]
